// Jest Snapshot v1, https://goo.gl/fbAQLP

exports[`#emojis.create should require authentication 1`] = `
{
  "error": "authentication_required",
  "message": "Authentication required",
  "ok": false,
  "status": 401,
}
`;

exports[`#emojis.delete should require authentication 1`] = `
{
  "error": "authentication_required",
  "message": "Authentication required",
  "ok": false,
  "status": 401,
}
`;

exports[`#emojis.info should require authentication 1`] = `
{
  "error": "authentication_required",
  "message": "Authentication required",
  "ok": false,
  "status": 401,
}
`;

exports[`#emojis.list should require authentication 1`] = `
{
  "error": "authentication_required",
  "message": "Authentication required",
  "ok": false,
  "status": 401,
}
`;
